<html>
<body>
<pre>
<h1>µVision Build Log</h1>
<h2>Tool Versions:</h2>
IDE-Version: £gVision V5.15
Copyright (C) 2015 ARM Ltd and ARM Germany GmbH. All rights reserved.
License Information: ncut ncut, ncut.edu.tw, LIC=GE7GK-ZFZAE-24JSS-LKMR3-FR87E-T8XH2
 
Tool Versions:
Toolchain:       MDK-ARM Professional  Version: 5.15.0
Toolchain Path:  C:\Keil_v5\ARM\ARMCC\Bin
C Compiler:      Armcc.exe V5.05 update 2 (build 169)
Assembler:       Armasm.exe V5.05 update 2 (build 169)
Linker/Locator:  ArmLink.exe V5.05 update 2 (build 169)
Library Manager: ArmAr.exe V5.05 update 2 (build 169)
Hex Converter:   FromElf.exe V5.05 update 2 (build 169)
CPU DLL:         SARMCM3.DLL V5.15.0
Dialog DLL:      DCM.DLL V1.13.2.0
Target DLL:      ULP2CM3.DLL V2.200.17.0
Dialog DLL:      TCM.DLL V1.14.5.0
 
<h2>Project:</h2>
E:\STM32\F429_RFID\Project\RVMDK¡]uv5¡^\BH-F429.uvprojx
Project File Date:  01/03/2020

<h2>Output:</h2>
*** Using Compiler 'V5.05 update 2 (build 169)', folder: 'C:\Keil_v5\ARM\ARMCC\Bin'
Build target 'rc522'
compiling main.c...
..\..\User\./beep/bsp_beep.h(14): warning:  #47-D: incompatible redefinition of macro "ON" (declared at line 34 of "..\..\User\./led/bsp_led.h")
  #define ON  1
..\..\User\./beep/bsp_beep.h(15): warning:  #47-D: incompatible redefinition of macro "OFF" (declared at line 35 of "..\..\User\./led/bsp_led.h")
  #define OFF 0
..\..\User\main.c(188): warning:  #1166-D: returning pointer to local variable
              return buff2;
..\..\User\main.c: 3 warnings, 0 errors
linking...
Program Size: Code=9212 RO-data=5020 RW-data=100 ZI-data=1124  
FromELF: creating hex file...
"..\..\Output\rc522.axf" - 0 Error(s), 3 Warning(s).

<h2>Collection of Component include folders:</h2>
  E:\STM32\F429_RFID\Project\RVMDK¡]uv5¡^\RTE
  C:\Keil_v5\ARM\PACK\Keil\STM32F4xx_DFP\2.6.0\Drivers\CMSIS\Device\ST\STM32F4xx\Include

<h2>Collection of Component Files used:</h2>
</pre>
</body>
</html>
